// Jest Snapshot v1, https://goo.gl/fbAQLP

exports[`Popover render 1`] = `null`;
